que ves?

bitnami@ip-172-26-1-205:~/sorteo-web$ cd ..
bitnami@ip-172-26-1-205:~$ cd ~/sorteo-web/web
sudo docker compose down || true
[+] Running 3/3
 ✔ Container caddy      Removed                                                               0.8s 
 ✔ Container web-web-1  Removed                                                               0.8s 
 ✔ Network web_default  Removed                                                               0.2s 
bitnami@ip-172-26-1-205:~/sorteo-web/web$ cd ~
tar -czf sorteo-web_backup_$(date +%F_%H%M).tar.gz sorteo-web
bitnami@ip-172-26-1-205:~$ cd ~/sorteo-web
find . -mindepth 1 -maxdepth 1 ! -name web -exec rm -rf {} +
bitnami@ip-172-26-1-205:~/sorteo-web$ ls -la ~/sorteo-web
total 12
drwxr-xr-x  3 bitnami docker  4096 Oct 27 15:56 .
drwxr-xr-x  7 bitnami bitnami 4096 Oct 27 15:55 ..
drwxrwxrwx 12 bitnami bitnami 4096 Oct 27 15:26 web
bitnami@ip-172-26-1-205:~/sorteo-web$ ls -la ~/sorteo-web/web/web
total 12
drwxr-xr-x  3 bitnami bitnami 4096 Oct 27 14:42 .
drwxrwxrwx 12 bitnami bitnami 4096 Oct 27 15:26 ..
drwxr-xr-x  3 bitnami bitnami 4096 Oct 27 14:42 server
bitnami@ip-172-26-1-205:~/sorteo-web$ rm -rf ~/sorteo-web/web/web
bitnami@ip-172-26-1-205:~/sorteo-web$ cd ~/sorteo-web/web
find . -maxdepth 2 -type d -print
.
./ganadoresanteriores
./server
./server/public
./styles
./node_modules
./node_modules/qs
./node_modules/pend
./node_modules/side-channel-weakmap
./node_modules/tar-fs
./node_modules/toidentifier
./node_modules/statuses
./node_modules/send
./node_modules/chromium-bidi
./node_modules/pac-resolver
./node_modules/y18n
./node_modules/typedarray
./node_modules/source-map
./node_modules/js-tokens
./node_modules/has-symbols
./node_modules/@types
./node_modules/utils-merge
./node_modules/unpipe
./node_modules/jwa
./node_modules/es-object-atoms
./node_modules/text-decoder
./node_modules/lines-and-columns
./node_modules/wrappy
./node_modules/etag
./node_modules/bare-fs
./node_modules/ecdsa-sig-formatter
./node_modules/progress
./node_modules/mime-db
./node_modules/js-yaml
./node_modules/degenerator
./node_modules/buffer-crc32
./node_modules/@puppeteer
./node_modules/cliui
./node_modules/gopd
./node_modules/wrap-ansi
./node_modules/setprototypeof
./node_modules/escalade
./node_modules/buffer-from
./node_modules/object-inspect
./node_modules/ms
./node_modules/readable-stream
./node_modules/@img
./node_modules/emoji-regex
./node_modules/bare-url
./node_modules/socks-proxy-agent
./node_modules/side-channel-list
./node_modules/function-bind
./node_modules/express-rate-limit
./node_modules/array-flatten
./node_modules/negotiator
./node_modules/path-to-regexp
./node_modules/es-errors
./node_modules/type-is
./node_modules/forwarded
./node_modules/resolve-from
./node_modules/parent-module
./node_modules/lodash.isplainobject
./node_modules/safe-buffer
./node_modules/cookie-signature
./node_modules/puppeteer
./node_modules/tar-stream
./node_modules/undici-types
./node_modules/get-uri
./node_modules/ast-types
./node_modules/lodash.isnumber
./node_modules/process-nextick-args
./node_modules/media-typer
./node_modules/https-proxy-agent
./node_modules/extract-zip
./node_modules/lodash.once
./node_modules/busboy
./node_modules/end-of-stream
./node_modules/puppeteer-core
./node_modules/agent-base
./node_modules/side-channel
./node_modules/serve-static
./node_modules/proxy-from-env
./node_modules/escape-html
./node_modules/devtools-protocol
./node_modules/import-fresh
./node_modules/cookie-parser
./node_modules/lodash.isstring
./node_modules/data-uri-to-buffer
./node_modules/encodeurl
./node_modules/iconv-lite
./node_modules/lodash.includes
./node_modules/safer-buffer
./node_modules/ansi-styles
./node_modules/zod
./node_modules/on-finished
./node_modules/yargs-parser
./node_modules/b4a
./node_modules/cosmiconfig
./node_modules/ws
./node_modules/@emnapi
./node_modules/webdriver-bidi-protocol
./node_modules/typed-query-selector
./node_modules/pump
./node_modules/multer
./node_modules/dotenv
./node_modules/proxy-addr
./node_modules/yargs
./node_modules/pac-proxy-agent
./node_modules/mkdirp
./node_modules/netmask
./node_modules/mitt
./node_modules/yauzl
./node_modules/ipaddr.js
./node_modules/bare-os
./node_modules/callsites
./node_modules/isarray
./node_modules/estraverse
./node_modules/strip-ansi
./node_modules/is-arrayish
./node_modules/get-stream
./node_modules/bare-stream
./node_modules/lodash.isboolean
./node_modules/xtend
./node_modules/@tootallnate
./node_modules/escodegen
./node_modules/get-caller-file
./node_modules/env-paths
./node_modules/parse-json
./node_modules/string-width
./node_modules/semver
./node_modules/tslib
./node_modules/get-proto
./node_modules/debug
./node_modules/require-directory
./node_modules/util-deprecate
./node_modules/argparse
./node_modules/sharp
./node_modules/object-assign
./node_modules/esprima
./node_modules/call-bound
./node_modules/bare-path
./node_modules/.bin
./node_modules/picocolors
./node_modules/buffer-equal-constant-time
./node_modules/ansi-regex
./node_modules/es-define-property
./node_modules/content-type
./node_modules/mime-types
./node_modules/body-parser
./node_modules/fast-fifo
./node_modules/socks
./node_modules/error-ex
./node_modules/finalhandler
./node_modules/side-channel-map
./node_modules/raw-body
./node_modules/mime
./node_modules/accepts
./node_modules/minimist
./node_modules/json-parse-even-better-errors
./node_modules/events-universal
./node_modules/esutils
./node_modules/bytes
./node_modules/hasown
./node_modules/call-bind-apply-helpers
./node_modules/append-field
./node_modules/inherits
./node_modules/math-intrinsics
./node_modules/ip-address
./node_modules/http-errors
./node_modules/core-util-is
./node_modules/lru-cache
./node_modules/fd-slicer
./node_modules/ee-first
./node_modules/dunder-proto
./node_modules/smart-buffer
./node_modules/range-parser
./node_modules/detect-libc
./node_modules/content-disposition
./node_modules/vary
./node_modules/destroy
./node_modules/merge-descriptors
./node_modules/get-intrinsic
./node_modules/streamx
./node_modules/proxy-agent
./node_modules/jws
./node_modules/@babel
./node_modules/streamsearch
./node_modules/is-fullwidth-code-point
./node_modules/methods
./node_modules/depd
./node_modules/http-proxy-agent
./node_modules/once
./node_modules/parseurl
./node_modules/fresh
./node_modules/color-convert
./node_modules/jsonwebtoken
./node_modules/lodash.isinteger
./node_modules/bare-events
./node_modules/color-name
./node_modules/express
./node_modules/concat-stream
./node_modules/string_decoder
./node_modules/cookie
./node_modules/basic-ftp
./sorteo
./microservices
./microservices/integracion_mercadopago_app
./.git
./.git/hooks
./.git/logs
./.git/refs
./.git/objects
./.git/info
./data
./scripts